Archive member included to satisfy reference by file (symbol)

d:/7.0/toolchain/avr8/avr8-gnu-toolchain/bin/../lib/gcc/avr/5.4.0/../../../../avr/lib/avr51\libm.a(fixunssfsi.o)
                              driver/Ultrasonic/Ultrasonic.o (__fixunssfsi)
d:/7.0/toolchain/avr8/avr8-gnu-toolchain/bin/../lib/gcc/avr/5.4.0/../../../../avr/lib/avr51\libm.a(floatsisf.o)
                              driver/Ultrasonic/Ultrasonic.o (__floatunsisf)
d:/7.0/toolchain/avr8/avr8-gnu-toolchain/bin/../lib/gcc/avr/5.4.0/../../../../avr/lib/avr51\libm.a(fp_split3.o)
                              d:/7.0/toolchain/avr8/avr8-gnu-toolchain/bin/../lib/gcc/avr/5.4.0/../../../../avr/lib/avr51\libm.a(fixunssfsi.o) (__fp_splitA)
d:/7.0/toolchain/avr8/avr8-gnu-toolchain/bin/../lib/gcc/avr/5.4.0/../../../../avr/lib/avr51\libm.a(fp_zero.o)
                              d:/7.0/toolchain/avr8/avr8-gnu-toolchain/bin/../lib/gcc/avr/5.4.0/../../../../avr/lib/avr51\libm.a(fixunssfsi.o) (__fp_zero)
d:/7.0/toolchain/avr8/avr8-gnu-toolchain/bin/../lib/gcc/avr/5.4.0/../../../../avr/lib/avr51\libm.a(mulsf3.o)
                              driver/Ultrasonic/Ultrasonic.o (__mulsf3)
d:/7.0/toolchain/avr8/avr8-gnu-toolchain/bin/../lib/gcc/avr/5.4.0/../../../../avr/lib/avr51\libm.a(mulsf3x.o)
                              d:/7.0/toolchain/avr8/avr8-gnu-toolchain/bin/../lib/gcc/avr/5.4.0/../../../../avr/lib/avr51\libm.a(mulsf3.o) (__mulsf3x)
d:/7.0/toolchain/avr8/avr8-gnu-toolchain/bin/../lib/gcc/avr/5.4.0/../../../../avr/lib/avr51\libm.a(fp_inf.o)
                              d:/7.0/toolchain/avr8/avr8-gnu-toolchain/bin/../lib/gcc/avr/5.4.0/../../../../avr/lib/avr51\libm.a(mulsf3x.o) (__fp_inf)
d:/7.0/toolchain/avr8/avr8-gnu-toolchain/bin/../lib/gcc/avr/5.4.0/../../../../avr/lib/avr51\libm.a(fp_nan.o)
                              d:/7.0/toolchain/avr8/avr8-gnu-toolchain/bin/../lib/gcc/avr/5.4.0/../../../../avr/lib/avr51\libm.a(mulsf3x.o) (__fp_nan)
d:/7.0/toolchain/avr8/avr8-gnu-toolchain/bin/../lib/gcc/avr/5.4.0/../../../../avr/lib/avr51\libm.a(fp_pscA.o)
                              d:/7.0/toolchain/avr8/avr8-gnu-toolchain/bin/../lib/gcc/avr/5.4.0/../../../../avr/lib/avr51\libm.a(mulsf3x.o) (__fp_pscA)
d:/7.0/toolchain/avr8/avr8-gnu-toolchain/bin/../lib/gcc/avr/5.4.0/../../../../avr/lib/avr51\libm.a(fp_pscB.o)
                              d:/7.0/toolchain/avr8/avr8-gnu-toolchain/bin/../lib/gcc/avr/5.4.0/../../../../avr/lib/avr51\libm.a(mulsf3x.o) (__fp_pscB)
d:/7.0/toolchain/avr8/avr8-gnu-toolchain/bin/../lib/gcc/avr/5.4.0/../../../../avr/lib/avr51\libm.a(fp_round.o)
                              d:/7.0/toolchain/avr8/avr8-gnu-toolchain/bin/../lib/gcc/avr/5.4.0/../../../../avr/lib/avr51\libm.a(mulsf3.o) (__fp_round)
d:/7.0/toolchain/avr8/avr8-gnu-toolchain/bin/../lib/gcc/avr/5.4.0/avr51\libgcc.a(_udivmodhi4.o)
                              ap/FAN6/FAN6.o (__udivmodhi4)
d:/7.0/toolchain/avr8/avr8-gnu-toolchain/bin/../lib/gcc/avr/5.4.0/avr51\libgcc.a(_divmodhi4.o)
                              ap/FAN6/FAN6.o (__divmodhi4)
d:/7.0/toolchain/avr8/avr8-gnu-toolchain/bin/../lib/gcc/avr/5.4.0/avr51\libgcc.a(_divmodsi4.o)
                              driver/Buzzer/Buzzer.o (__divmodsi4)
d:/7.0/toolchain/avr8/avr8-gnu-toolchain/bin/../lib/gcc/avr/5.4.0/avr51\libgcc.a(_negsi2.o)
                              d:/7.0/toolchain/avr8/avr8-gnu-toolchain/bin/../lib/gcc/avr/5.4.0/avr51\libgcc.a(_divmodsi4.o) (__negsi2)
d:/7.0/toolchain/avr8/avr8-gnu-toolchain/bin/../lib/gcc/avr/5.4.0/avr51\libgcc.a(_exit.o)
                              D:/7.0/Packs/atmel/ATmega_DFP/1.7.374/gcc/dev/atmega128a/avr51/crtatmega128a.o (exit)
d:/7.0/toolchain/avr8/avr8-gnu-toolchain/bin/../lib/gcc/avr/5.4.0/avr51\libgcc.a(_copy_data.o)
                              ap/FAN6/FAN6.o (__do_copy_data)
d:/7.0/toolchain/avr8/avr8-gnu-toolchain/bin/../lib/gcc/avr/5.4.0/avr51\libgcc.a(_clear_bss.o)
                              ap/FAN6/FAN6.o (__do_clear_bss)
d:/7.0/toolchain/avr8/avr8-gnu-toolchain/bin/../lib/gcc/avr/5.4.0/avr51\libgcc.a(_umulhisi3.o)
                              ap/FAN6/FAN6.o (__umulhisi3)
d:/7.0/toolchain/avr8/avr8-gnu-toolchain/bin/../lib/gcc/avr/5.4.0/avr51\libgcc.a(_udivmodsi4.o)
                              d:/7.0/toolchain/avr8/avr8-gnu-toolchain/bin/../lib/gcc/avr/5.4.0/avr51\libgcc.a(_divmodsi4.o) (__udivmodsi4)
d:/7.0/toolchain/avr8/avr8-gnu-toolchain/bin/../lib/gcc/avr/5.4.0/../../../../avr/lib/avr51\libc.a(strcmp.o)
                              ap/FAN6/FAN6.o (strcmp)
d:/7.0/toolchain/avr8/avr8-gnu-toolchain/bin/../lib/gcc/avr/5.4.0/../../../../avr/lib/avr51\libc.a(iob.o)
                              ap/FAN6/FAN6.o (__iob)
d:/7.0/toolchain/avr8/avr8-gnu-toolchain/bin/../lib/gcc/avr/5.4.0/../../../../avr/lib/avr51\libc.a(puts.o)
                              ap/FAN6/FAN6.o (puts)
d:/7.0/toolchain/avr8/avr8-gnu-toolchain/bin/../lib/gcc/avr/5.4.0/../../../../avr/lib/avr51\libc.a(sprintf.o)
                              ap/FAN6/FAN6.o (sprintf)
d:/7.0/toolchain/avr8/avr8-gnu-toolchain/bin/../lib/gcc/avr/5.4.0/../../../../avr/lib/avr51\libc.a(vfprintf_std.o)
                              d:/7.0/toolchain/avr8/avr8-gnu-toolchain/bin/../lib/gcc/avr/5.4.0/../../../../avr/lib/avr51\libc.a(sprintf.o) (vfprintf)
d:/7.0/toolchain/avr8/avr8-gnu-toolchain/bin/../lib/gcc/avr/5.4.0/../../../../avr/lib/avr51\libc.a(strnlen_P.o)
                              d:/7.0/toolchain/avr8/avr8-gnu-toolchain/bin/../lib/gcc/avr/5.4.0/../../../../avr/lib/avr51\libc.a(vfprintf_std.o) (strnlen_P)
d:/7.0/toolchain/avr8/avr8-gnu-toolchain/bin/../lib/gcc/avr/5.4.0/../../../../avr/lib/avr51\libc.a(strnlen.o)
                              d:/7.0/toolchain/avr8/avr8-gnu-toolchain/bin/../lib/gcc/avr/5.4.0/../../../../avr/lib/avr51\libc.a(vfprintf_std.o) (strnlen)
d:/7.0/toolchain/avr8/avr8-gnu-toolchain/bin/../lib/gcc/avr/5.4.0/../../../../avr/lib/avr51\libc.a(fputc.o)
                              d:/7.0/toolchain/avr8/avr8-gnu-toolchain/bin/../lib/gcc/avr/5.4.0/../../../../avr/lib/avr51\libc.a(vfprintf_std.o) (fputc)
d:/7.0/toolchain/avr8/avr8-gnu-toolchain/bin/../lib/gcc/avr/5.4.0/../../../../avr/lib/avr51\libc.a(ultoa_invert.o)
                              d:/7.0/toolchain/avr8/avr8-gnu-toolchain/bin/../lib/gcc/avr/5.4.0/../../../../avr/lib/avr51\libc.a(vfprintf_std.o) (__ultoa_invert)

Allocating common symbols
Common symbol       size              file

ultraSonicDistanceFlag
                    0x1               ap/FAN6/FAN6.o
colon_time          0x2               ap/FAN6/FAN6.o
fanPowerState       0x1               ap/FAN6/FAN6.o
buff                0x1e              ap/FAN6/FAN6.o
I2C_lcdControlData  0x1               driver/LCD/LCD.o
distance            0x2               ap/FAN6/FAN6.o
Fan_milisec         0x2               ap/FAN6/FAN6.o
milisec             0x2               ap/FAN6/FAN6.o
timeState           0x1               ap/FAN6/FAN6.o
btnChange           0x6               ap/FAN6/FAN6.o
uart0RxComplFlag    0x1               periph/UART0/UART0.o
fanModeState        0x1               ap/FAN6/FAN6.o
timeleftState       0x1               ap/FAN6/FAN6.o
lcdControlData      0x1               driver/LCD/LCD.o
min                 0x1               ap/FAN6/FAN6.o
sec                 0x1               ap/FAN6/FAN6.o
uart0RxBuff         0x64              periph/UART0/UART0.o
btnTime             0x6               ap/FAN6/FAN6.o
Fan_sec             0x1               ap/FAN6/FAN6.o
__iob               0x6               d:/7.0/toolchain/avr8/avr8-gnu-toolchain/bin/../lib/gcc/avr/5.4.0/../../../../avr/lib/avr51\libc.a(iob.o)
btnMode             0x6               ap/FAN6/FAN6.o

Discarded input sections

 .data          0x00000000        0x0 D:/7.0/Packs/atmel/ATmega_DFP/1.7.374/gcc/dev/atmega128a/avr51/crtatmega128a.o
 .bss           0x00000000        0x0 D:/7.0/Packs/atmel/ATmega_DFP/1.7.374/gcc/dev/atmega128a/avr51/crtatmega128a.o
 .text          0x00000000        0x0 ap/FAN6/FAN6.o
 .data          0x00000000        0x0 ap/FAN6/FAN6.o
 .bss           0x00000000        0x0 ap/FAN6/FAN6.o
 .text          0x00000000        0x0 driver/Button/Button.o
 .data          0x00000000        0x0 driver/Button/Button.o
 .bss           0x00000000        0x0 driver/Button/Button.o
 .text          0x00000000        0x0 driver/Buzzer/Buzzer.o
 .data          0x00000000        0x0 driver/Buzzer/Buzzer.o
 .bss           0x00000000        0x0 driver/Buzzer/Buzzer.o
 .text          0x00000000        0x0 driver/Motor/Motor.o
 .data          0x00000000        0x0 driver/Motor/Motor.o
 .bss           0x00000000        0x0 driver/Motor/Motor.o
 .text.Motor_makeHerz
                0x00000000       0x4a driver/Motor/Motor.o
 .text          0x00000000        0x0 driver/FND/FND.o
 .data          0x00000000        0x0 driver/FND/FND.o
 .bss           0x00000000        0x0 driver/FND/FND.o
 .text          0x00000000        0x0 driver/LCD/LCD.o
 .data          0x00000000        0x0 driver/LCD/LCD.o
 .bss           0x00000000        0x0 driver/LCD/LCD.o
 .text.LCD_displayClear
                0x00000000        0x8 driver/LCD/LCD.o
 .text.I2C_LCD_backLightOff
                0x00000000       0x12 driver/LCD/LCD.o
 .text          0x00000000        0x0 driver/Ultrasonic/Ultrasonic.o
 .data          0x00000000        0x0 driver/Ultrasonic/Ultrasonic.o
 .bss           0x00000000        0x0 driver/Ultrasonic/Ultrasonic.o
 .text          0x00000000        0x0 main.o
 .data          0x00000000        0x0 main.o
 .bss           0x00000000        0x0 main.o
 .text          0x00000000        0x0 periph/Gpio/Gpio.o
 .data          0x00000000        0x0 periph/Gpio/Gpio.o
 .bss           0x00000000        0x0 periph/Gpio/Gpio.o
 .text.Gpio_initPort
                0x00000000       0x12 periph/Gpio/Gpio.o
 .text.Gpio_writePort
                0x00000000        0x6 periph/Gpio/Gpio.o
 .text.Gpio_writePin
                0x00000000       0x34 periph/Gpio/Gpio.o
 .text.Gpio_readPort
                0x00000000        0x6 periph/Gpio/Gpio.o
 .text          0x00000000        0x0 periph/I2C/I2C.o
 .data          0x00000000        0x0 periph/I2C/I2C.o
 .bss           0x00000000        0x0 periph/I2C/I2C.o
 .text          0x00000000        0x0 periph/Timer/Timer.o
 .data          0x00000000        0x0 periph/Timer/Timer.o
 .bss           0x00000000        0x0 periph/Timer/Timer.o
 .text          0x00000000        0x0 periph/UART0/UART0.o
 .data          0x00000000        0x0 periph/UART0/UART0.o
 .bss           0x00000000        0x0 periph/UART0/UART0.o
 .text.UART0_Receive
                0x00000000        0x8 periph/UART0/UART0.o
 .text.UART0_Avail
                0x00000000        0xc periph/UART0/UART0.o
 .text.UART0_print
                0x00000000       0x2c periph/UART0/UART0.o
 .text.UART0_setRxFlag
                0x00000000        0x8 periph/UART0/UART0.o
 .text          0x00000000        0x0 d:/7.0/toolchain/avr8/avr8-gnu-toolchain/bin/../lib/gcc/avr/5.4.0/../../../../avr/lib/avr51\libm.a(fixunssfsi.o)
 .data          0x00000000        0x0 d:/7.0/toolchain/avr8/avr8-gnu-toolchain/bin/../lib/gcc/avr/5.4.0/../../../../avr/lib/avr51\libm.a(fixunssfsi.o)
 .bss           0x00000000        0x0 d:/7.0/toolchain/avr8/avr8-gnu-toolchain/bin/../lib/gcc/avr/5.4.0/../../../../avr/lib/avr51\libm.a(fixunssfsi.o)
 .text          0x00000000        0x0 d:/7.0/toolchain/avr8/avr8-gnu-toolchain/bin/../lib/gcc/avr/5.4.0/../../../../avr/lib/avr51\libm.a(floatsisf.o)
 .data          0x00000000        0x0 d:/7.0/toolchain/avr8/avr8-gnu-toolchain/bin/../lib/gcc/avr/5.4.0/../../../../avr/lib/avr51\libm.a(floatsisf.o)
 .bss           0x00000000        0x0 d:/7.0/toolchain/avr8/avr8-gnu-toolchain/bin/../lib/gcc/avr/5.4.0/../../../../avr/lib/avr51\libm.a(floatsisf.o)
 .text          0x00000000        0x0 d:/7.0/toolchain/avr8/avr8-gnu-toolchain/bin/../lib/gcc/avr/5.4.0/../../../../avr/lib/avr51\libm.a(fp_split3.o)
 .data          0x00000000        0x0 d:/7.0/toolchain/avr8/avr8-gnu-toolchain/bin/../lib/gcc/avr/5.4.0/../../../../avr/lib/avr51\libm.a(fp_split3.o)
 .bss           0x00000000        0x0 d:/7.0/toolchain/avr8/avr8-gnu-toolchain/bin/../lib/gcc/avr/5.4.0/../../../../avr/lib/avr51\libm.a(fp_split3.o)
 .text          0x00000000        0x0 d:/7.0/toolchain/avr8/avr8-gnu-toolchain/bin/../lib/gcc/avr/5.4.0/../../../../avr/lib/avr51\libm.a(fp_zero.o)
 .data          0x00000000        0x0 d:/7.0/toolchain/avr8/avr8-gnu-toolchain/bin/../lib/gcc/avr/5.4.0/../../../../avr/lib/avr51\libm.a(fp_zero.o)
 .bss           0x00000000        0x0 d:/7.0/toolchain/avr8/avr8-gnu-toolchain/bin/../lib/gcc/avr/5.4.0/../../../../avr/lib/avr51\libm.a(fp_zero.o)
 .text          0x00000000        0x0 d:/7.0/toolchain/avr8/avr8-gnu-toolchain/bin/../lib/gcc/avr/5.4.0/../../../../avr/lib/avr51\libm.a(mulsf3.o)
 .data          0x00000000        0x0 d:/7.0/toolchain/avr8/avr8-gnu-toolchain/bin/../lib/gcc/avr/5.4.0/../../../../avr/lib/avr51\libm.a(mulsf3.o)
 .bss           0x00000000        0x0 d:/7.0/toolchain/avr8/avr8-gnu-toolchain/bin/../lib/gcc/avr/5.4.0/../../../../avr/lib/avr51\libm.a(mulsf3.o)
 .text          0x00000000        0x0 d:/7.0/toolchain/avr8/avr8-gnu-toolchain/bin/../lib/gcc/avr/5.4.0/../../../../avr/lib/avr51\libm.a(mulsf3x.o)
 .data          0x00000000        0x0 d:/7.0/toolchain/avr8/avr8-gnu-toolchain/bin/../lib/gcc/avr/5.4.0/../../../../avr/lib/avr51\libm.a(mulsf3x.o)
 .bss           0x00000000        0x0 d:/7.0/toolchain/avr8/avr8-gnu-toolchain/bin/../lib/gcc/avr/5.4.0/../../../../avr/lib/avr51\libm.a(mulsf3x.o)
 .text          0x00000000        0x0 d:/7.0/toolchain/avr8/avr8-gnu-toolchain/bin/../lib/gcc/avr/5.4.0/../../../../avr/lib/avr51\libm.a(fp_inf.o)
 .data          0x00000000        0x0 d:/7.0/toolchain/avr8/avr8-gnu-toolchain/bin/../lib/gcc/avr/5.4.0/../../../../avr/lib/avr51\libm.a(fp_inf.o)
 .bss           0x00000000        0x0 d:/7.0/toolchain/avr8/avr8-gnu-toolchain/bin/../lib/gcc/avr/5.4.0/../../../../avr/lib/avr51\libm.a(fp_inf.o)
 .text          0x00000000        0x0 d:/7.0/toolchain/avr8/avr8-gnu-toolchain/bin/../lib/gcc/avr/5.4.0/../../../../avr/lib/avr51\libm.a(fp_nan.o)
 .data          0x00000000        0x0 d:/7.0/toolchain/avr8/avr8-gnu-toolchain/bin/../lib/gcc/avr/5.4.0/../../../../avr/lib/avr51\libm.a(fp_nan.o)
 .bss           0x00000000        0x0 d:/7.0/toolchain/avr8/avr8-gnu-toolchain/bin/../lib/gcc/avr/5.4.0/../../../../avr/lib/avr51\libm.a(fp_nan.o)
 .text          0x00000000        0x0 d:/7.0/toolchain/avr8/avr8-gnu-toolchain/bin/../lib/gcc/avr/5.4.0/../../../../avr/lib/avr51\libm.a(fp_pscA.o)
 .data          0x00000000        0x0 d:/7.0/toolchain/avr8/avr8-gnu-toolchain/bin/../lib/gcc/avr/5.4.0/../../../../avr/lib/avr51\libm.a(fp_pscA.o)
 .bss           0x00000000        0x0 d:/7.0/toolchain/avr8/avr8-gnu-toolchain/bin/../lib/gcc/avr/5.4.0/../../../../avr/lib/avr51\libm.a(fp_pscA.o)
 .text          0x00000000        0x0 d:/7.0/toolchain/avr8/avr8-gnu-toolchain/bin/../lib/gcc/avr/5.4.0/../../../../avr/lib/avr51\libm.a(fp_pscB.o)
 .data          0x00000000        0x0 d:/7.0/toolchain/avr8/avr8-gnu-toolchain/bin/../lib/gcc/avr/5.4.0/../../../../avr/lib/avr51\libm.a(fp_pscB.o)
 .bss           0x00000000        0x0 d:/7.0/toolchain/avr8/avr8-gnu-toolchain/bin/../lib/gcc/avr/5.4.0/../../../../avr/lib/avr51\libm.a(fp_pscB.o)
 .text          0x00000000        0x0 d:/7.0/toolchain/avr8/avr8-gnu-toolchain/bin/../lib/gcc/avr/5.4.0/../../../../avr/lib/avr51\libm.a(fp_round.o)
 .data          0x00000000        0x0 d:/7.0/toolchain/avr8/avr8-gnu-toolchain/bin/../lib/gcc/avr/5.4.0/../../../../avr/lib/avr51\libm.a(fp_round.o)
 .bss           0x00000000        0x0 d:/7.0/toolchain/avr8/avr8-gnu-toolchain/bin/../lib/gcc/avr/5.4.0/../../../../avr/lib/avr51\libm.a(fp_round.o)
 .text          0x00000000        0x0 d:/7.0/toolchain/avr8/avr8-gnu-toolchain/bin/../lib/gcc/avr/5.4.0/avr51\libgcc.a(_udivmodhi4.o)
 .data          0x00000000        0x0 d:/7.0/toolchain/avr8/avr8-gnu-toolchain/bin/../lib/gcc/avr/5.4.0/avr51\libgcc.a(_udivmodhi4.o)
 .bss           0x00000000        0x0 d:/7.0/toolchain/avr8/avr8-gnu-toolchain/bin/../lib/gcc/avr/5.4.0/avr51\libgcc.a(_udivmodhi4.o)
 .text.libgcc.mul
                0x00000000        0x0 d:/7.0/toolchain/avr8/avr8-gnu-toolchain/bin/../lib/gcc/avr/5.4.0/avr51\libgcc.a(_udivmodhi4.o)
 .text.libgcc   0x00000000        0x0 d:/7.0/toolchain/avr8/avr8-gnu-toolchain/bin/../lib/gcc/avr/5.4.0/avr51\libgcc.a(_udivmodhi4.o)
 .text.libgcc.prologue
                0x00000000        0x0 d:/7.0/toolchain/avr8/avr8-gnu-toolchain/bin/../lib/gcc/avr/5.4.0/avr51\libgcc.a(_udivmodhi4.o)
 .text.libgcc.builtins
                0x00000000        0x0 d:/7.0/toolchain/avr8/avr8-gnu-toolchain/bin/../lib/gcc/avr/5.4.0/avr51\libgcc.a(_udivmodhi4.o)
 .text.libgcc.fmul
                0x00000000        0x0 d:/7.0/toolchain/avr8/avr8-gnu-toolchain/bin/../lib/gcc/avr/5.4.0/avr51\libgcc.a(_udivmodhi4.o)
 .text.libgcc.fixed
                0x00000000        0x0 d:/7.0/toolchain/avr8/avr8-gnu-toolchain/bin/../lib/gcc/avr/5.4.0/avr51\libgcc.a(_udivmodhi4.o)
 .text          0x00000000        0x0 d:/7.0/toolchain/avr8/avr8-gnu-toolchain/bin/../lib/gcc/avr/5.4.0/avr51\libgcc.a(_divmodhi4.o)
 .data          0x00000000        0x0 d:/7.0/toolchain/avr8/avr8-gnu-toolchain/bin/../lib/gcc/avr/5.4.0/avr51\libgcc.a(_divmodhi4.o)
 .bss           0x00000000        0x0 d:/7.0/toolchain/avr8/avr8-gnu-toolchain/bin/../lib/gcc/avr/5.4.0/avr51\libgcc.a(_divmodhi4.o)
 .text.libgcc.mul
                0x00000000        0x0 d:/7.0/toolchain/avr8/avr8-gnu-toolchain/bin/../lib/gcc/avr/5.4.0/avr51\libgcc.a(_divmodhi4.o)
 .text.libgcc   0x00000000        0x0 d:/7.0/toolchain/avr8/avr8-gnu-toolchain/bin/../lib/gcc/avr/5.4.0/avr51\libgcc.a(_divmodhi4.o)
 .text.libgcc.prologue
                0x00000000        0x0 d:/7.0/toolchain/avr8/avr8-gnu-toolchain/bin/../lib/gcc/avr/5.4.0/avr51\libgcc.a(_divmodhi4.o)
 .text.libgcc.builtins
                0x00000000        0x0 d:/7.0/toolchain/avr8/avr8-gnu-toolchain/bin/../lib/gcc/avr/5.4.0/avr51\libgcc.a(_divmodhi4.o)
 .text.libgcc.fmul
                0x00000000        0x0 d:/7.0/toolchain/avr8/avr8-gnu-toolchain/bin/../lib/gcc/avr/5.4.0/avr51\libgcc.a(_divmodhi4.o)
 .text.libgcc.fixed
                0x00000000        0x0 d:/7.0/toolchain/avr8/avr8-gnu-toolchain/bin/../lib/gcc/avr/5.4.0/avr51\libgcc.a(_divmodhi4.o)
 .text          0x00000000        0x0 d:/7.0/toolchain/avr8/avr8-gnu-toolchain/bin/../lib/gcc/avr/5.4.0/avr51\libgcc.a(_divmodsi4.o)
 .data          0x00000000        0x0 d:/7.0/toolchain/avr8/avr8-gnu-toolchain/bin/../lib/gcc/avr/5.4.0/avr51\libgcc.a(_divmodsi4.o)
 .bss           0x00000000        0x0 d:/7.0/toolchain/avr8/avr8-gnu-toolchain/bin/../lib/gcc/avr/5.4.0/avr51\libgcc.a(_divmodsi4.o)
 .text.libgcc.mul
                0x00000000        0x0 d:/7.0/toolchain/avr8/avr8-gnu-toolchain/bin/../lib/gcc/avr/5.4.0/avr51\libgcc.a(_divmodsi4.o)
 .text.libgcc   0x00000000        0x0 d:/7.0/toolchain/avr8/avr8-gnu-toolchain/bin/../lib/gcc/avr/5.4.0/avr51\libgcc.a(_divmodsi4.o)
 .text.libgcc.prologue
                0x00000000        0x0 d:/7.0/toolchain/avr8/avr8-gnu-toolchain/bin/../lib/gcc/avr/5.4.0/avr51\libgcc.a(_divmodsi4.o)
 .text.libgcc.builtins
                0x00000000        0x0 d:/7.0/toolchain/avr8/avr8-gnu-toolchain/bin/../lib/gcc/avr/5.4.0/avr51\libgcc.a(_divmodsi4.o)
 .text.libgcc.fmul
                0x00000000        0x0 d:/7.0/toolchain/avr8/avr8-gnu-toolchain/bin/../lib/gcc/avr/5.4.0/avr51\libgcc.a(_divmodsi4.o)
 .text.libgcc.fixed
                0x00000000        0x0 d:/7.0/toolchain/avr8/avr8-gnu-toolchain/bin/../lib/gcc/avr/5.4.0/avr51\libgcc.a(_divmodsi4.o)
 .text          0x00000000        0x0 d:/7.0/toolchain/avr8/avr8-gnu-toolchain/bin/../lib/gcc/avr/5.4.0/avr51\libgcc.a(_negsi2.o)
 .data          0x00000000        0x0 d:/7.0/toolchain/avr8/avr8-gnu-toolchain/bin/../lib/gcc/avr/5.4.0/avr51\libgcc.a(_negsi2.o)
 .bss           0x00000000        0x0 d:/7.0/toolchain/avr8/avr8-gnu-toolchain/bin/../lib/gcc/avr/5.4.0/avr51\libgcc.a(_negsi2.o)
 .text.libgcc.mul
                0x00000000        0x0 d:/7.0/toolchain/avr8/avr8-gnu-toolchain/bin/../lib/gcc/avr/5.4.0/avr51\libgcc.a(_negsi2.o)
 .text.libgcc   0x00000000        0x0 d:/7.0/toolchain/avr8/avr8-gnu-toolchain/bin/../lib/gcc/avr/5.4.0/avr51\libgcc.a(_negsi2.o)
 .text.libgcc.prologue
                0x00000000        0x0 d:/7.0/toolchain/avr8/avr8-gnu-toolchain/bin/../lib/gcc/avr/5.4.0/avr51\libgcc.a(_negsi2.o)
 .text.libgcc.builtins
                0x00000000        0x0 d:/7.0/toolchain/avr8/avr8-gnu-toolchain/bin/../lib/gcc/avr/5.4.0/avr51\libgcc.a(_negsi2.o)
 .text.libgcc.fmul
                0x00000000        0x0 d:/7.0/toolchain/avr8/avr8-gnu-toolchain/bin/../lib/gcc/avr/5.4.0/avr51\libgcc.a(_negsi2.o)
 .text.libgcc.fixed
                0x00000000        0x0 d:/7.0/toolchain/avr8/avr8-gnu-toolchain/bin/../lib/gcc/avr/5.4.0/avr51\libgcc.a(_negsi2.o)
 .text          0x00000000        0x0 d:/7.0/toolchain/avr8/avr8-gnu-toolchain/bin/../lib/gcc/avr/5.4.0/avr51\libgcc.a(_exit.o)
 .data          0x00000000        0x0 d:/7.0/toolchain/avr8/avr8-gnu-toolchain/bin/../lib/gcc/avr/5.4.0/avr51\libgcc.a(_exit.o)
 .bss           0x00000000        0x0 d:/7.0/toolchain/avr8/avr8-gnu-toolchain/bin/../lib/gcc/avr/5.4.0/avr51\libgcc.a(_exit.o)
 .text.libgcc.mul
                0x00000000        0x0 d:/7.0/toolchain/avr8/avr8-gnu-toolchain/bin/../lib/gcc/avr/5.4.0/avr51\libgcc.a(_exit.o)
 .text.libgcc.div
                0x00000000        0x0 d:/7.0/toolchain/avr8/avr8-gnu-toolchain/bin/../lib/gcc/avr/5.4.0/avr51\libgcc.a(_exit.o)
 .text.libgcc   0x00000000        0x0 d:/7.0/toolchain/avr8/avr8-gnu-toolchain/bin/../lib/gcc/avr/5.4.0/avr51\libgcc.a(_exit.o)
 .text.libgcc.prologue
                0x00000000        0x0 d:/7.0/toolchain/avr8/avr8-gnu-toolchain/bin/../lib/gcc/avr/5.4.0/avr51\libgcc.a(_exit.o)
 .text.libgcc.builtins
                0x00000000        0x0 d:/7.0/toolchain/avr8/avr8-gnu-toolchain/bin/../lib/gcc/avr/5.4.0/avr51\libgcc.a(_exit.o)
 .text.libgcc.fmul
                0x00000000        0x0 d:/7.0/toolchain/avr8/avr8-gnu-toolchain/bin/../lib/gcc/avr/5.4.0/avr51\libgcc.a(_exit.o)
 .text.libgcc.fixed
                0x00000000        0x0 d:/7.0/toolchain/avr8/avr8-gnu-toolchain/bin/../lib/gcc/avr/5.4.0/avr51\libgcc.a(_exit.o)
 .text          0x00000000        0x0 d:/7.0/toolchain/avr8/avr8-gnu-toolchain/bin/../lib/gcc/avr/5.4.0/avr51\libgcc.a(_copy_data.o)
 .data          0x00000000        0x0 d:/7.0/toolchain/avr8/avr8-gnu-toolchain/bin/../lib/gcc/avr/5.4.0/avr51\libgcc.a(_copy_data.o)
 .bss           0x00000000        0x0 d:/7.0/toolchain/avr8/avr8-gnu-toolchain/bin/../lib/gcc/avr/5.4.0/avr51\libgcc.a(_copy_data.o)
 .text.libgcc.mul
                0x00000000        0x0 d:/7.0/toolchain/avr8/avr8-gnu-toolchain/bin/../lib/gcc/avr/5.4.0/avr51\libgcc.a(_copy_data.o)
 .text.libgcc.div
                0x00000000        0x0 d:/7.0/toolchain/avr8/avr8-gnu-toolchain/bin/../lib/gcc/avr/5.4.0/avr51\libgcc.a(_copy_data.o)
 .text.libgcc   0x00000000        0x0 d:/7.0/toolchain/avr8/avr8-gnu-toolchain/bin/../lib/gcc/avr/5.4.0/avr51\libgcc.a(_copy_data.o)
 .text.libgcc.prologue
                0x00000000        0x0 d:/7.0/toolchain/avr8/avr8-gnu-toolchain/bin/../lib/gcc/avr/5.4.0/avr51\libgcc.a(_copy_data.o)
 .text.libgcc.builtins
                0x00000000        0x0 d:/7.0/toolchain/avr8/avr8-gnu-toolchain/bin/../lib/gcc/avr/5.4.0/avr51\libgcc.a(_copy_data.o)
 .text.libgcc.fmul
                0x00000000        0x0 d:/7.0/toolchain/avr8/avr8-gnu-toolchain/bin/../lib/gcc/avr/5.4.0/avr51\libgcc.a(_copy_data.o)
 .text.libgcc.fixed
                0x00000000        0x0 d:/7.0/toolchain/avr8/avr8-gnu-toolchain/bin/../lib/gcc/avr/5.4.0/avr51\libgcc.a(_copy_data.o)
 .text          0x00000000        0x0 d:/7.0/toolchain/avr8/avr8-gnu-toolchain/bin/../lib/gcc/avr/5.4.0/avr51\libgcc.a(_clear_bss.o)
 .data          0x00000000        0x0 d:/7.0/toolchain/avr8/avr8-gnu-toolchain/bin/../lib/gcc/avr/5.4.0/avr51\libgcc.a(_clear_bss.o)
 .bss           0x00000000        0x0 d:/7.0/toolchain/avr8/avr8-gnu-toolchain/bin/../lib/gcc/avr/5.4.0/avr51\libgcc.a(_clear_bss.o)
 .text.libgcc.mul
                0x00000000        0x0 d:/7.0/toolchain/avr8/avr8-gnu-toolchain/bin/../lib/gcc/avr/5.4.0/avr51\libgcc.a(_clear_bss.o)
 .text.libgcc.div
                0x00000000        0x0 d:/7.0/toolchain/avr8/avr8-gnu-toolchain/bin/../lib/gcc/avr/5.4.0/avr51\libgcc.a(_clear_bss.o)
 .text.libgcc   0x00000000        0x0 d:/7.0/toolchain/avr8/avr8-gnu-toolchain/bin/../lib/gcc/avr/5.4.0/avr51\libgcc.a(_clear_bss.o)
 .text.libgcc.prologue
                0x00000000        0x0 d:/7.0/toolchain/avr8/avr8-gnu-toolchain/bin/../lib/gcc/avr/5.4.0/avr51\libgcc.a(_clear_bss.o)
 .text.libgcc.builtins
                0x00000000        0x0 d:/7.0/toolchain/avr8/avr8-gnu-toolchain/bin/../lib/gcc/avr/5.4.0/avr51\libgcc.a(_clear_bss.o)
 .text.libgcc.fmul
                0x00000000        0x0 d:/7.0/toolchain/avr8/avr8-gnu-toolchain/bin/../lib/gcc/avr/5.4.0/avr51\libgcc.a(_clear_bss.o)
 .text.libgcc.fixed
                0x00000000        0x0 d:/7.0/toolchain/avr8/avr8-gnu-toolchain/bin/../lib/gcc/avr/5.4.0/avr51\libgcc.a(_clear_bss.o)
 .text          0x00000000        0x0 d:/7.0/toolchain/avr8/avr8-gnu-toolchain/bin/../lib/gcc/avr/5.4.0/avr51\libgcc.a(_umulhisi3.o)
 .data          0x00000000        0x0 d:/7.0/toolchain/avr8/avr8-gnu-toolchain/bin/../lib/gcc/avr/5.4.0/avr51\libgcc.a(_umulhisi3.o)
 .bss           0x00000000        0x0 d:/7.0/toolchain/avr8/avr8-gnu-toolchain/bin/../lib/gcc/avr/5.4.0/avr51\libgcc.a(_umulhisi3.o)
 .text.libgcc.div
                0x00000000        0x0 d:/7.0/toolchain/avr8/avr8-gnu-toolchain/bin/../lib/gcc/avr/5.4.0/avr51\libgcc.a(_umulhisi3.o)
 .text.libgcc   0x00000000        0x0 d:/7.0/toolchain/avr8/avr8-gnu-toolchain/bin/../lib/gcc/avr/5.4.0/avr51\libgcc.a(_umulhisi3.o)
 .text.libgcc.prologue
                0x00000000        0x0 d:/7.0/toolchain/avr8/avr8-gnu-toolchain/bin/../lib/gcc/avr/5.4.0/avr51\libgcc.a(_umulhisi3.o)
 .text.libgcc.builtins
                0x00000000        0x0 d:/7.0/toolchain/avr8/avr8-gnu-toolchain/bin/../lib/gcc/avr/5.4.0/avr51\libgcc.a(_umulhisi3.o)
 .text.libgcc.fmul
                0x00000000        0x0 d:/7.0/toolchain/avr8/avr8-gnu-toolchain/bin/../lib/gcc/avr/5.4.0/avr51\libgcc.a(_umulhisi3.o)
 .text.libgcc.fixed
                0x00000000        0x0 d:/7.0/toolchain/avr8/avr8-gnu-toolchain/bin/../lib/gcc/avr/5.4.0/avr51\libgcc.a(_umulhisi3.o)
 .text          0x00000000        0x0 d:/7.0/toolchain/avr8/avr8-gnu-toolchain/bin/../lib/gcc/avr/5.4.0/avr51\libgcc.a(_udivmodsi4.o)
 .data          0x00000000        0x0 d:/7.0/toolchain/avr8/avr8-gnu-toolchain/bin/../lib/gcc/avr/5.4.0/avr51\libgcc.a(_udivmodsi4.o)
 .bss           0x00000000        0x0 d:/7.0/toolchain/avr8/avr8-gnu-toolchain/bin/../lib/gcc/avr/5.4.0/avr51\libgcc.a(_udivmodsi4.o)
 .text.libgcc.mul
                0x00000000        0x0 d:/7.0/toolchain/avr8/avr8-gnu-toolchain/bin/../lib/gcc/avr/5.4.0/avr51\libgcc.a(_udivmodsi4.o)
 .text.libgcc   0x00000000        0x0 d:/7.0/toolchain/avr8/avr8-gnu-toolchain/bin/../lib/gcc/avr/5.4.0/avr51\libgcc.a(_udivmodsi4.o)
 .text.libgcc.prologue
                0x00000000        0x0 d:/7.0/toolchain/avr8/avr8-gnu-toolchain/bin/../lib/gcc/avr/5.4.0/avr51\libgcc.a(_udivmodsi4.o)
 .text.libgcc.builtins
                0x00000000        0x0 d:/7.0/toolchain/avr8/avr8-gnu-toolchain/bin/../lib/gcc/avr/5.4.0/avr51\libgcc.a(_udivmodsi4.o)
 .text.libgcc.fmul
                0x00000000        0x0 d:/7.0/toolchain/avr8/avr8-gnu-toolchain/bin/../lib/gcc/avr/5.4.0/avr51\libgcc.a(_udivmodsi4.o)
 .text.libgcc.fixed
                0x00000000        0x0 d:/7.0/toolchain/avr8/avr8-gnu-toolchain/bin/../lib/gcc/avr/5.4.0/avr51\libgcc.a(_udivmodsi4.o)
 .text          0x00000000        0x0 d:/7.0/toolchain/avr8/avr8-gnu-toolchain/bin/../lib/gcc/avr/5.4.0/../../../../avr/lib/avr51\libc.a(strcmp.o)
 .data          0x00000000        0x0 d:/7.0/toolchain/avr8/avr8-gnu-toolchain/bin/../lib/gcc/avr/5.4.0/../../../../avr/lib/avr51\libc.a(strcmp.o)
 .bss           0x00000000        0x0 d:/7.0/toolchain/avr8/avr8-gnu-toolchain/bin/../lib/gcc/avr/5.4.0/../../../../avr/lib/avr51\libc.a(strcmp.o)
 .text          0x00000000        0x0 d:/7.0/toolchain/avr8/avr8-gnu-toolchain/bin/../lib/gcc/avr/5.4.0/../../../../avr/lib/avr51\libc.a(iob.o)
 .data          0x00000000        0x0 d:/7.0/toolchain/avr8/avr8-gnu-toolchain/bin/../lib/gcc/avr/5.4.0/../../../../avr/lib/avr51\libc.a(iob.o)
 .bss           0x00000000        0x0 d:/7.0/toolchain/avr8/avr8-gnu-toolchain/bin/../lib/gcc/avr/5.4.0/../../../../avr/lib/avr51\libc.a(iob.o)
 .text          0x00000000        0x0 d:/7.0/toolchain/avr8/avr8-gnu-toolchain/bin/../lib/gcc/avr/5.4.0/../../../../avr/lib/avr51\libc.a(puts.o)
 .data          0x00000000        0x0 d:/7.0/toolchain/avr8/avr8-gnu-toolchain/bin/../lib/gcc/avr/5.4.0/../../../../avr/lib/avr51\libc.a(puts.o)
 .bss           0x00000000        0x0 d:/7.0/toolchain/avr8/avr8-gnu-toolchain/bin/../lib/gcc/avr/5.4.0/../../../../avr/lib/avr51\libc.a(puts.o)
 .text          0x00000000        0x0 d:/7.0/toolchain/avr8/avr8-gnu-toolchain/bin/../lib/gcc/avr/5.4.0/../../../../avr/lib/avr51\libc.a(sprintf.o)
 .data          0x00000000        0x0 d:/7.0/toolchain/avr8/avr8-gnu-toolchain/bin/../lib/gcc/avr/5.4.0/../../../../avr/lib/avr51\libc.a(sprintf.o)
 .bss           0x00000000        0x0 d:/7.0/toolchain/avr8/avr8-gnu-toolchain/bin/../lib/gcc/avr/5.4.0/../../../../avr/lib/avr51\libc.a(sprintf.o)
 .text          0x00000000        0x0 d:/7.0/toolchain/avr8/avr8-gnu-toolchain/bin/../lib/gcc/avr/5.4.0/../../../../avr/lib/avr51\libc.a(vfprintf_std.o)
 .data          0x00000000        0x0 d:/7.0/toolchain/avr8/avr8-gnu-toolchain/bin/../lib/gcc/avr/5.4.0/../../../../avr/lib/avr51\libc.a(vfprintf_std.o)
 .bss           0x00000000        0x0 d:/7.0/toolchain/avr8/avr8-gnu-toolchain/bin/../lib/gcc/avr/5.4.0/../../../../avr/lib/avr51\libc.a(vfprintf_std.o)
 .text          0x00000000        0x0 d:/7.0/toolchain/avr8/avr8-gnu-toolchain/bin/../lib/gcc/avr/5.4.0/../../../../avr/lib/avr51\libc.a(strnlen_P.o)
 .data          0x00000000        0x0 d:/7.0/toolchain/avr8/avr8-gnu-toolchain/bin/../lib/gcc/avr/5.4.0/../../../../avr/lib/avr51\libc.a(strnlen_P.o)
 .bss           0x00000000        0x0 d:/7.0/toolchain/avr8/avr8-gnu-toolchain/bin/../lib/gcc/avr/5.4.0/../../../../avr/lib/avr51\libc.a(strnlen_P.o)
 .text          0x00000000        0x0 d:/7.0/toolchain/avr8/avr8-gnu-toolchain/bin/../lib/gcc/avr/5.4.0/../../../../avr/lib/avr51\libc.a(strnlen.o)
 .data          0x00000000        0x0 d:/7.0/toolchain/avr8/avr8-gnu-toolchain/bin/../lib/gcc/avr/5.4.0/../../../../avr/lib/avr51\libc.a(strnlen.o)
 .bss           0x00000000        0x0 d:/7.0/toolchain/avr8/avr8-gnu-toolchain/bin/../lib/gcc/avr/5.4.0/../../../../avr/lib/avr51\libc.a(strnlen.o)
 .text          0x00000000        0x0 d:/7.0/toolchain/avr8/avr8-gnu-toolchain/bin/../lib/gcc/avr/5.4.0/../../../../avr/lib/avr51\libc.a(fputc.o)
 .data          0x00000000        0x0 d:/7.0/toolchain/avr8/avr8-gnu-toolchain/bin/../lib/gcc/avr/5.4.0/../../../../avr/lib/avr51\libc.a(fputc.o)
 .bss           0x00000000        0x0 d:/7.0/toolchain/avr8/avr8-gnu-toolchain/bin/../lib/gcc/avr/5.4.0/../../../../avr/lib/avr51\libc.a(fputc.o)
 .text          0x00000000        0x0 d:/7.0/toolchain/avr8/avr8-gnu-toolchain/bin/../lib/gcc/avr/5.4.0/../../../../avr/lib/avr51\libc.a(ultoa_invert.o)
 .data          0x00000000        0x0 d:/7.0/toolchain/avr8/avr8-gnu-toolchain/bin/../lib/gcc/avr/5.4.0/../../../../avr/lib/avr51\libc.a(ultoa_invert.o)
 .bss           0x00000000        0x0 d:/7.0/toolchain/avr8/avr8-gnu-toolchain/bin/../lib/gcc/avr/5.4.0/../../../../avr/lib/avr51\libc.a(ultoa_invert.o)

Memory Configuration

Name             Origin             Length             Attributes
text             0x00000000         0x00020000         xr
data             0x00800100         0x00001000         rw !x
eeprom           0x00810000         0x00001000         rw !x
fuse             0x00820000         0x00000003         rw !x
lock             0x00830000         0x00000400         rw !x
signature        0x00840000         0x00000400         rw !x
user_signatures  0x00850000         0x00000400         rw !x
*default*        0x00000000         0xffffffff

Linker script and memory map

Address of section .data set to 0x800100
LOAD D:/7.0/Packs/atmel/ATmega_DFP/1.7.374/gcc/dev/atmega128a/avr51/crtatmega128a.o
LOAD ap/FAN6/FAN6.o
LOAD driver/Button/Button.o
LOAD driver/Buzzer/Buzzer.o
LOAD driver/Motor/Motor.o
LOAD driver/FND/FND.o
LOAD driver/LCD/LCD.o
LOAD driver/Ultrasonic/Ultrasonic.o
LOAD main.o
LOAD periph/Gpio/Gpio.o
LOAD periph/I2C/I2C.o
LOAD periph/Timer/Timer.o
LOAD periph/UART0/UART0.o
START GROUP
LOAD d:/7.0/toolchain/avr8/avr8-gnu-toolchain/bin/../lib/gcc/avr/5.4.0/../../../../avr/lib/avr51\libm.a
END GROUP
START GROUP
LOAD d:/7.0/toolchain/avr8/avr8-gnu-toolchain/bin/../lib/gcc/avr/5.4.0/avr51\libgcc.a
LOAD d:/7.0/toolchain/avr8/avr8-gnu-toolchain/bin/../lib/gcc/avr/5.4.0/../../../../avr/lib/avr51\libm.a
LOAD d:/7.0/toolchain/avr8/avr8-gnu-toolchain/bin/../lib/gcc/avr/5.4.0/../../../../avr/lib/avr51\libc.a
LOAD D:/7.0/Packs/atmel/ATmega_DFP/1.7.374/gcc/dev/atmega128a/avr51\libatmega128a.a
END GROUP
                [0x00000000]                __TEXT_REGION_ORIGIN__ = DEFINED (__TEXT_REGION_ORIGIN__)?__TEXT_REGION_ORIGIN__:0x0
                [0x00800100]                __DATA_REGION_ORIGIN__ = DEFINED (__DATA_REGION_ORIGIN__)?__DATA_REGION_ORIGIN__:0x800100
                [0x00020000]                __TEXT_REGION_LENGTH__ = DEFINED (__TEXT_REGION_LENGTH__)?__TEXT_REGION_LENGTH__:0x20000
                [0x00001000]                __DATA_REGION_LENGTH__ = DEFINED (__DATA_REGION_LENGTH__)?__DATA_REGION_LENGTH__:0xff00
                [0x00001000]                __EEPROM_REGION_LENGTH__ = DEFINED (__EEPROM_REGION_LENGTH__)?__EEPROM_REGION_LENGTH__:0x10000
                [0x00000003]                __FUSE_REGION_LENGTH__ = DEFINED (__FUSE_REGION_LENGTH__)?__FUSE_REGION_LENGTH__:0x400
                0x00000400                __LOCK_REGION_LENGTH__ = DEFINED (__LOCK_REGION_LENGTH__)?__LOCK_REGION_LENGTH__:0x400
                0x00000400                __SIGNATURE_REGION_LENGTH__ = DEFINED (__SIGNATURE_REGION_LENGTH__)?__SIGNATURE_REGION_LENGTH__:0x400
                0x00000400                __USER_SIGNATURE_REGION_LENGTH__ = DEFINED (__USER_SIGNATURE_REGION_LENGTH__)?__USER_SIGNATURE_REGION_LENGTH__:0x400

.hash
 *(.hash)

.dynsym
 *(.dynsym)

.dynstr
 *(.dynstr)

.gnu.version
 *(.gnu.version)

.gnu.version_d
 *(.gnu.version_d)

.gnu.version_r
 *(.gnu.version_r)

.rel.init
 *(.rel.init)

.rela.init
 *(.rela.init)

.rel.text
 *(.rel.text)
 *(.rel.text.*)
 *(.rel.gnu.linkonce.t*)

.rela.text
 *(.rela.text)
 *(.rela.text.*)
 *(.rela.gnu.linkonce.t*)

.rel.fini
 *(.rel.fini)

.rela.fini
 *(.rela.fini)

.rel.rodata
 *(.rel.rodata)
 *(.rel.rodata.*)
 *(.rel.gnu.linkonce.r*)

.rela.rodata
 *(.rela.rodata)
 *(.rela.rodata.*)
 *(.rela.gnu.linkonce.r*)

.rel.data
 *(.rel.data)
 *(.rel.data.*)
 *(.rel.gnu.linkonce.d*)

.rela.data
 *(.rela.data)
 *(.rela.data.*)
 *(.rela.gnu.linkonce.d*)

.rel.ctors
 *(.rel.ctors)

.rela.ctors
 *(.rela.ctors)

.rel.dtors
 *(.rel.dtors)

.rela.dtors
 *(.rela.dtors)

.rel.got
 *(.rel.got)

.rela.got
 *(.rela.got)

.rel.bss
 *(.rel.bss)

.rela.bss
 *(.rela.bss)

.rel.plt
 *(.rel.plt)

.rela.plt
 *(.rela.plt)

.text           0x00000000     0x1c04
 *(.vectors)
 .vectors       0x00000000       0x8c D:/7.0/Packs/atmel/ATmega_DFP/1.7.374/gcc/dev/atmega128a/avr51/crtatmega128a.o
                0x00000000                __vector_default
                0x00000000                __vectors
 *(.vectors)
 *(.progmem.gcc*)
                0x0000008c                . = ALIGN (0x2)
                0x0000008c                __trampolines_start = .
 *(.trampolines)
 .trampolines   0x0000008c        0x0 linker stubs
 *(.trampolines*)
                0x0000008c                __trampolines_end = .
 *libprintf_flt.a:*(.progmem.data)
 *libc.a:*(.progmem.data)
 *(.progmem*)
                0x0000008c                . = ALIGN (0x2)
 *(.jumptables)
 *(.jumptables*)
 *(.lowtext)
 *(.lowtext*)
                0x0000008c                __ctors_start = .
 *(.ctors)
                0x0000008c                __ctors_end = .
                0x0000008c                __dtors_start = .
 *(.dtors)
                0x0000008c                __dtors_end = .
 SORT(*)(.ctors)
 SORT(*)(.dtors)
 *(.init0)
 .init0         0x0000008c        0x0 D:/7.0/Packs/atmel/ATmega_DFP/1.7.374/gcc/dev/atmega128a/avr51/crtatmega128a.o
                0x0000008c                __init
 *(.init0)
 *(.init1)
 *(.init1)
 *(.init2)
 .init2         0x0000008c        0xc D:/7.0/Packs/atmel/ATmega_DFP/1.7.374/gcc/dev/atmega128a/avr51/crtatmega128a.o
 *(.init2)
 *(.init3)
 *(.init3)
 *(.init4)
 .init4         0x00000098       0x1a d:/7.0/toolchain/avr8/avr8-gnu-toolchain/bin/../lib/gcc/avr/5.4.0/avr51\libgcc.a(_copy_data.o)
                0x00000098                __do_copy_data
 .init4         0x000000b2       0x10 d:/7.0/toolchain/avr8/avr8-gnu-toolchain/bin/../lib/gcc/avr/5.4.0/avr51\libgcc.a(_clear_bss.o)
                0x000000b2                __do_clear_bss
 *(.init4)
 *(.init5)
 *(.init5)
 *(.init6)
 *(.init6)
 *(.init7)
 *(.init7)
 *(.init8)
 *(.init8)
 *(.init9)
 .init9         0x000000c2        0x8 D:/7.0/Packs/atmel/ATmega_DFP/1.7.374/gcc/dev/atmega128a/avr51/crtatmega128a.o
 *(.init9)
 *(.text)
 .text          0x000000ca        0x2 D:/7.0/Packs/atmel/ATmega_DFP/1.7.374/gcc/dev/atmega128a/avr51/crtatmega128a.o
                0x000000ca                __vector_22
                0x000000ca                __vector_28
                0x000000ca                __vector_1
                0x000000ca                __vector_32
                0x000000ca                __vector_34
                0x000000ca                __vector_24
                0x000000ca                __vector_12
                0x000000ca                __bad_interrupt
                0x000000ca                __vector_6
                0x000000ca                __vector_31
                0x000000ca                __vector_23
                0x000000ca                __vector_30
                0x000000ca                __vector_25
                0x000000ca                __vector_11
                0x000000ca                __vector_13
                0x000000ca                __vector_17
                0x000000ca                __vector_19
                0x000000ca                __vector_7
                0x000000ca                __vector_27
                0x000000ca                __vector_5
                0x000000ca                __vector_33
                0x000000ca                __vector_4
                0x000000ca                __vector_2
                0x000000ca                __vector_21
                0x000000ca                __vector_15
                0x000000ca                __vector_29
                0x000000ca                __vector_8
                0x000000ca                __vector_26
                0x000000ca                __vector_14
                0x000000ca                __vector_10
                0x000000ca                __vector_20
                0x000000cc                . = ALIGN (0x2)
 *(.text.*)
 .text.TimeClock_incMilisec
                0x000000cc       0x68 ap/FAN6/FAN6.o
                0x000000cc                TimeClock_incMilisec
 .text.TimeClock_decMilisec
                0x00000134       0xb4 ap/FAN6/FAN6.o
                0x00000134                TimeClock_decMilisec
 .text.FAN_init
                0x000001e8       0x4e ap/FAN6/FAN6.o
                0x000001e8                FAN_init
 .text.FAN_eventCheck
                0x00000236       0x40 ap/FAN6/FAN6.o
                0x00000236                FAN_eventCheck
 .text.FAN_change
                0x00000276       0x6a ap/FAN6/FAN6.o
                0x00000276                FAN_change
 .text.FAN_changeUART0
                0x000002e0       0x94 ap/FAN6/FAN6.o
                0x000002e0                FAN_changeUART0
 .text.FAN_auto
                0x00000374       0x28 ap/FAN6/FAN6.o
                0x00000374                FAN_auto
 .text.FAN_changeOff
                0x0000039c       0x22 ap/FAN6/FAN6.o
                0x0000039c                FAN_changeOff
 .text.TimeClock_init
                0x000003be       0x32 ap/FAN6/FAN6.o
                0x000003be                TimeClock_init
 .text.TimeClockButton_run
                0x000003f0       0x62 ap/FAN6/FAN6.o
                0x000003f0                TimeClockButton_run
 .text.TimeClock_eventCheck
                0x00000452       0x82 ap/FAN6/FAN6.o
                0x00000452                TimeClock_eventCheck
 .text.TimeClockFind_OFF
                0x000004d4       0x18 ap/FAN6/FAN6.o
                0x000004d4                TimeClockFind_OFF
 .text.I2C_display
                0x000004ec      0x104 ap/FAN6/FAN6.o
                0x000004ec                I2C_display
 .text.FAN_active
                0x000005f0       0x44 ap/FAN6/FAN6.o
                0x000005f0                FAN_active
 .text.FAN_run  0x00000634       0x1c ap/FAN6/FAN6.o
                0x00000634                FAN_run
 .text.FAN_excute
                0x00000650        0x6 ap/FAN6/FAN6.o
                0x00000650                FAN_excute
 .text.LCD_dispMinSec
                0x00000656       0x5c ap/FAN6/FAN6.o
                0x00000656                LCD_dispMinSec
 .text.FND_dispMinSec
                0x000006b2       0x18 ap/FAN6/FAN6.o
                0x000006b2                FND_dispMinSec
 .text.TimeClock_Run
                0x000006ca        0x6 ap/FAN6/FAN6.o
                0x000006ca                TimeClock_Run
 .text.TimeClock_execute
                0x000006d0        0xa ap/FAN6/FAN6.o
                0x000006d0                TimeClock_execute
 .text.ultrasonic_distance_case
                0x000006da        0xc ap/FAN6/FAN6.o
                0x000006da                ultrasonic_distance_case
 .text.Ultrasonic_execute
                0x000006e6       0x74 ap/FAN6/FAN6.o
                0x000006e6                Ultrasonic_execute
 .text.FAN6_init
                0x0000075a        0x8 ap/FAN6/FAN6.o
                0x0000075a                FAN6_init
 .text.Fan6_excute
                0x00000762        0x8 ap/FAN6/FAN6.o
                0x00000762                Fan6_excute
 .text.Button_init
                0x0000076a       0x1a driver/Button/Button.o
                0x0000076a                Button_init
 .text.Button_GetState
                0x00000784       0x54 driver/Button/Button.o
                0x00000784                Button_GetState
 .text.Buzzer_init
                0x000007d8       0x22 driver/Buzzer/Buzzer.o
                0x000007d8                Buzzer_init
 .text.Buzzer_makeHerz
                0x000007fa       0x48 driver/Buzzer/Buzzer.o
                0x000007fa                Buzzer_makeHerz
 .text.Buzzer_soundOn
                0x00000842        0xc driver/Buzzer/Buzzer.o
                0x00000842                Buzzer_soundOn
 .text.Buzzer_soundOff
                0x0000084e        0xc driver/Buzzer/Buzzer.o
                0x0000084e                Buzzer_soundOff
 .text.Buzzer_powerOnSound
                0x0000085a       0x82 driver/Buzzer/Buzzer.o
                0x0000085a                Buzzer_powerOnSound
 .text.Buzzer_powerOffSound
                0x000008dc       0x82 driver/Buzzer/Buzzer.o
                0x000008dc                Buzzer_powerOffSound
 .text.Buzzer_Button1_Sound
                0x0000095e       0x26 driver/Buzzer/Buzzer.o
                0x0000095e                Buzzer_Button1_Sound
 .text.Buzzer_Button2_Sound
                0x00000984       0x26 driver/Buzzer/Buzzer.o
                0x00000984                Buzzer_Button2_Sound
 .text.Buzzer_Button3_Sound
                0x000009aa       0x26 driver/Buzzer/Buzzer.o
                0x000009aa                Buzzer_Button3_Sound
 .text.Motor_makeHerzDuty
                0x000009d0       0x50 driver/Motor/Motor.o
                0x000009d0                Motor_makeHerzDuty
 .text.MotorOn  0x00000a20        0xc driver/Motor/Motor.o
                0x00000a20                MotorOn
 .text.MotorOff
                0x00000a2c        0xc driver/Motor/Motor.o
                0x00000a2c                MotorOff
 .text.Motor_init
                0x00000a38       0x22 driver/Motor/Motor.o
                0x00000a38                Motor_init
 .text.FND_init
                0x00000a5a       0x12 driver/FND/FND.o
                0x00000a5a                FND_init
 .text.FND_colonOn
                0x00000a6c        0x8 driver/FND/FND.o
                0x00000a6c                FND_colonOn
 .text.FND_colonOff
                0x00000a74        0x6 driver/FND/FND.o
                0x00000a74                FND_colonOff
 .text.FND_dispNum
                0x00000a7a      0x224 driver/FND/FND.o
                0x00000a7a                FND_dispNum
 .text.FND_setFndData
                0x00000c9e        0xa driver/FND/FND.o
                0x00000c9e                FND_setFndData
 .text.FND_ISR_Process
                0x00000ca8        0xc driver/FND/FND.o
                0x00000ca8                FND_ISR_Process
 .text.Gpio_init
                0x00000cb4        0xc driver/LCD/LCD.o
                0x00000cb4                Gpio_init
 .text.Gpio_writeControlData
                0x00000cc0        0x4 driver/LCD/LCD.o
                0x00000cc0                Gpio_writeControlData
 .text.LCD_cmdMode
                0x00000cc4        0xe driver/LCD/LCD.o
                0x00000cc4                LCD_cmdMode
 .text.LCD_charMode
                0x00000cd2        0xe driver/LCD/LCD.o
                0x00000cd2                LCD_charMode
 .text.LCD_writeMode
                0x00000ce0        0xe driver/LCD/LCD.o
                0x00000ce0                LCD_writeMode
 .text.LCD_enableHigh
                0x00000cee       0x1a driver/LCD/LCD.o
                0x00000cee                LCD_enableHigh
 .text.LCD_enableLow
                0x00000d08       0x1a driver/LCD/LCD.o
                0x00000d08                LCD_enableLow
 .text.Gpio_writeData
                0x00000d22        0x4 driver/LCD/LCD.o
                0x00000d22                Gpio_writeData
 .text.LCD_writeByte
                0x00000d26        0x4 driver/LCD/LCD.o
                0x00000d26                LCD_writeByte
 .text.LCD_writeCmdData
                0x00000d2a       0x14 driver/LCD/LCD.o
                0x00000d2a                LCD_writeCmdData
 .text.LCD_init
                0x00000d3e       0x48 driver/LCD/LCD.o
                0x00000d3e                LCD_init
 .text.LCD_writeCharData
                0x00000d86       0x14 driver/LCD/LCD.o
                0x00000d86                LCD_writeCharData
 .text.LCD_writeString
                0x00000d9a       0x2a driver/LCD/LCD.o
                0x00000d9a                LCD_writeString
 .text.LCD_gotoXY
                0x00000dc4       0x14 driver/LCD/LCD.o
                0x00000dc4                LCD_gotoXY
 .text.LCD_writeStringXY
                0x00000dd8       0x12 driver/LCD/LCD.o
                0x00000dd8                LCD_writeStringXY
 .text.I2C_LCD_sendToI2C
                0x00000dea        0x4 driver/LCD/LCD.o
                0x00000dea                I2C_LCD_sendToI2C
 .text.I2C_LCD_backLightOn
                0x00000dee       0x10 driver/LCD/LCD.o
                0x00000dee                I2C_LCD_backLightOn
 .text.I2C_LCD_cmdMode
                0x00000dfe       0x10 driver/LCD/LCD.o
                0x00000dfe                I2C_LCD_cmdMode
 .text.I2C_LCD_charMode
                0x00000e0e       0x10 driver/LCD/LCD.o
                0x00000e0e                I2C_LCD_charMode
 .text.I2C_LCD_writeMode
                0x00000e1e       0x10 driver/LCD/LCD.o
                0x00000e1e                I2C_LCD_writeMode
 .text.I2C_LCD_enableHigh
                0x00000e2e       0x1c driver/LCD/LCD.o
                0x00000e2e                I2C_LCD_enableHigh
 .text.I2C_LCD_enableLow
                0x00000e4a       0x1c driver/LCD/LCD.o
                0x00000e4a                I2C_LCD_enableLow
 .text.I2C_LCD_writeNibble
                0x00000e66       0x1e driver/LCD/LCD.o
                0x00000e66                I2C_LCD_writeNibble
 .text.I2C_LCD_writeByte
                0x00000e84       0x12 driver/LCD/LCD.o
                0x00000e84                I2C_LCD_writeByte
 .text.I2C_LCD_writeCmdData
                0x00000e96       0x14 driver/LCD/LCD.o
                0x00000e96                I2C_LCD_writeCmdData
 .text.I2C_LCD_init
                0x00000eaa       0x52 driver/LCD/LCD.o
                0x00000eaa                I2C_LCD_init
 .text.I2C_LCD_writeCharData
                0x00000efc       0x14 driver/LCD/LCD.o
                0x00000efc                I2C_LCD_writeCharData
 .text.I2C_LCD_writeString
                0x00000f10       0x2a driver/LCD/LCD.o
                0x00000f10                I2C_LCD_writeString
 .text.I2C_LCD_gotoXY
                0x00000f3a       0x14 driver/LCD/LCD.o
                0x00000f3a                I2C_LCD_gotoXY
 .text.I2C_LCD_displayClear
                0x00000f4e        0x6 driver/LCD/LCD.o
                0x00000f4e                I2C_LCD_displayClear
 .text.I2C_LCD_writeStringXY
                0x00000f54       0x12 driver/LCD/LCD.o
                0x00000f54                I2C_LCD_writeStringXY
 .text.Ultrasonic_switchInterrupt
                0x00000f66       0x28 driver/Ultrasonic/Ultrasonic.o
                0x00000f66                Ultrasonic_switchInterrupt
 .text.Ultrasonic_timerStart
                0x00000f8e        0xc driver/Ultrasonic/Ultrasonic.o
                0x00000f8e                Ultrasonic_timerStart
 .text.Ultrasonic_timerStop
                0x00000f9a        0x8 driver/Ultrasonic/Ultrasonic.o
                0x00000f9a                Ultrasonic_timerStop
 .text.Ultrasonic_init
                0x00000fa2       0x22 driver/Ultrasonic/Ultrasonic.o
                0x00000fa2                Ultrasonic_init
 .text.Ultrasonic_trigger
                0x00000fc4       0x16 driver/Ultrasonic/Ultrasonic.o
                0x00000fc4                Ultrasonic_trigger
 .text.Ultrasonic_setCompltFlag
                0x00000fda        0x8 driver/Ultrasonic/Ultrasonic.o
                0x00000fda                Ultrasonic_setCompltFlag
 .text.Ultrasonic_ISR_Process
                0x00000fe2       0x16 driver/Ultrasonic/Ultrasonic.o
                0x00000fe2                Ultrasonic_ISR_Process
 .text.Ultrasonic_getCompltFlag
                0x00000ff8        0x6 driver/Ultrasonic/Ultrasonic.o
                0x00000ff8                Ultrasonic_getCompltFlag
 .text.Ultrasonic_clearFlag
                0x00000ffe        0x6 driver/Ultrasonic/Ultrasonic.o
                0x00000ffe                Ultrasonic_clearFlag
 .text.Ultrasonic_getDistance
                0x00001004       0x1a driver/Ultrasonic/Ultrasonic.o
                0x00001004                Ultrasonic_getDistance
 .text.__vector_16
                0x0000101e       0x4e main.o
                0x0000101e                __vector_16
 .text.__vector_9
                0x0000106c       0x50 main.o
                0x0000106c                __vector_9
 .text.__vector_18
                0x000010bc       0x4e main.o
                0x000010bc                __vector_18
 .text.__vector_3
                0x0000110a       0x4e main.o
                0x0000110a                __vector_3
 .text.main     0x00001158        0x8 main.o
                0x00001158                main
 .text.Gpio_initPin
                0x00001160       0x36 periph/Gpio/Gpio.o
                0x00001160                Gpio_initPin
 .text.Gpio_readPin
                0x00001196       0x14 periph/Gpio/Gpio.o
                0x00001196                Gpio_readPin
 .text.I2C_init
                0x000011aa       0x12 periph/I2C/I2C.o
                0x000011aa                I2C_init
 .text.I2C_start
                0x000011bc       0x10 periph/I2C/I2C.o
                0x000011bc                I2C_start
 .text.I2C_txDevAddr
                0x000011cc       0x14 periph/I2C/I2C.o
                0x000011cc                I2C_txDevAddr
 .text.I2C_txData
                0x000011e0       0x14 periph/I2C/I2C.o
                0x000011e0                I2C_txData
 .text.I2C_stop
                0x000011f4        0x8 periph/I2C/I2C.o
                0x000011f4                I2C_stop
 .text.I2C_txByte
                0x000011fc       0x1a periph/I2C/I2C.o
                0x000011fc                I2C_txByte
 .text.TIM0_init
                0x00001216       0x12 periph/Timer/Timer.o
                0x00001216                TIM0_init
 .text.TIM2_init
                0x00001228       0x18 periph/Timer/Timer.o
                0x00001228                TIM2_init
 .text.UART0_init
                0x00001240       0x1c periph/UART0/UART0.o
                0x00001240                UART0_init
 .text.UART0_Transmit
                0x0000125c        0x8 periph/UART0/UART0.o
                0x0000125c                UART0_Transmit
 .text.UART0_ISR_Process
                0x00001264       0x40 periph/UART0/UART0.o
                0x00001264                UART0_ISR_Process
 .text.UART0_getRxFlag
                0x000012a4        0x6 periph/UART0/UART0.o
                0x000012a4                UART0_getRxFlag
 .text.UART0_clearRxFlag
                0x000012aa        0x6 periph/UART0/UART0.o
                0x000012aa                UART0_clearRxFlag
 .text.UART0_getRxBuff
                0x000012b0        0x6 periph/UART0/UART0.o
                0x000012b0                UART0_getRxBuff
 .text.avr-libc.fplib
                0x000012b6       0x58 d:/7.0/toolchain/avr8/avr8-gnu-toolchain/bin/../lib/gcc/avr/5.4.0/../../../../avr/lib/avr51\libm.a(fixunssfsi.o)
                0x000012b6                __fixunssfsi
 .text.avr-libc.fplib
                0x0000130e       0x7a d:/7.0/toolchain/avr8/avr8-gnu-toolchain/bin/../lib/gcc/avr/5.4.0/../../../../avr/lib/avr51\libm.a(floatsisf.o)
                0x0000130e                __floatunsisf
                0x00001312                __floatsisf
 .text.avr-libc.fplib
                0x00001388       0x44 d:/7.0/toolchain/avr8/avr8-gnu-toolchain/bin/../lib/gcc/avr/5.4.0/../../../../avr/lib/avr51\libm.a(fp_split3.o)
                0x00001388                __fp_split3
                0x00001398                __fp_splitA
 .text.avr-libc.fplib
                0x000013cc        0xe d:/7.0/toolchain/avr8/avr8-gnu-toolchain/bin/../lib/gcc/avr/5.4.0/../../../../avr/lib/avr51\libm.a(fp_zero.o)
                0x000013cc                __fp_zero
                0x000013ce                __fp_szero
 .text.avr-libc.fplib
                0x000013da        0x4 d:/7.0/toolchain/avr8/avr8-gnu-toolchain/bin/../lib/gcc/avr/5.4.0/../../../../avr/lib/avr51\libm.a(mulsf3.o)
                0x000013da                __mulsf3
 .text.avr-libc.fplib
                0x000013de       0xc2 d:/7.0/toolchain/avr8/avr8-gnu-toolchain/bin/../lib/gcc/avr/5.4.0/../../../../avr/lib/avr51\libm.a(mulsf3x.o)
                0x000013f2                __mulsf3x
                0x000013f6                __mulsf3_pse
 .text.avr-libc.fplib
                0x000014a0        0xc d:/7.0/toolchain/avr8/avr8-gnu-toolchain/bin/../lib/gcc/avr/5.4.0/../../../../avr/lib/avr51\libm.a(fp_inf.o)
                0x000014a0                __fp_inf
 .text.avr-libc.fplib
                0x000014ac        0x6 d:/7.0/toolchain/avr8/avr8-gnu-toolchain/bin/../lib/gcc/avr/5.4.0/../../../../avr/lib/avr51\libm.a(fp_nan.o)
                0x000014ac                __fp_nan
 .text.avr-libc.fplib
                0x000014b2        0xe d:/7.0/toolchain/avr8/avr8-gnu-toolchain/bin/../lib/gcc/avr/5.4.0/../../../../avr/lib/avr51\libm.a(fp_pscA.o)
                0x000014b2                __fp_pscA
 .text.avr-libc.fplib
                0x000014c0        0xe d:/7.0/toolchain/avr8/avr8-gnu-toolchain/bin/../lib/gcc/avr/5.4.0/../../../../avr/lib/avr51\libm.a(fp_pscB.o)
                0x000014c0                __fp_pscB
 .text.avr-libc.fplib
                0x000014ce       0x22 d:/7.0/toolchain/avr8/avr8-gnu-toolchain/bin/../lib/gcc/avr/5.4.0/../../../../avr/lib/avr51\libm.a(fp_round.o)
                0x000014ce                __fp_round
 .text.libgcc.div
                0x000014f0       0x28 d:/7.0/toolchain/avr8/avr8-gnu-toolchain/bin/../lib/gcc/avr/5.4.0/avr51\libgcc.a(_udivmodhi4.o)
                0x000014f0                __udivmodhi4
 .text.libgcc.div
                0x00001518       0x26 d:/7.0/toolchain/avr8/avr8-gnu-toolchain/bin/../lib/gcc/avr/5.4.0/avr51\libgcc.a(_divmodhi4.o)
                0x00001518                _div
                0x00001518                __divmodhi4
 .text.libgcc.div
                0x0000153e       0x28 d:/7.0/toolchain/avr8/avr8-gnu-toolchain/bin/../lib/gcc/avr/5.4.0/avr51\libgcc.a(_divmodsi4.o)
                0x0000153e                __divmodsi4
 .text.libgcc.div
                0x00001566       0x10 d:/7.0/toolchain/avr8/avr8-gnu-toolchain/bin/../lib/gcc/avr/5.4.0/avr51\libgcc.a(_negsi2.o)
                0x00001566                __negsi2
 .text.libgcc.mul
                0x00001576       0x1e d:/7.0/toolchain/avr8/avr8-gnu-toolchain/bin/../lib/gcc/avr/5.4.0/avr51\libgcc.a(_umulhisi3.o)
                0x00001576                __umulhisi3
 .text.libgcc.div
                0x00001594       0x44 d:/7.0/toolchain/avr8/avr8-gnu-toolchain/bin/../lib/gcc/avr/5.4.0/avr51\libgcc.a(_udivmodsi4.o)
                0x00001594                __udivmodsi4
 .text.avr-libc
                0x000015d8       0x12 d:/7.0/toolchain/avr8/avr8-gnu-toolchain/bin/../lib/gcc/avr/5.4.0/../../../../avr/lib/avr51\libc.a(strcmp.o)
                0x000015d8                strcmp
 .text.avr-libc
                0x000015ea       0x60 d:/7.0/toolchain/avr8/avr8-gnu-toolchain/bin/../lib/gcc/avr/5.4.0/../../../../avr/lib/avr51\libc.a(puts.o)
                0x000015ea                puts
 .text.avr-libc
                0x0000164a       0x5c d:/7.0/toolchain/avr8/avr8-gnu-toolchain/bin/../lib/gcc/avr/5.4.0/../../../../avr/lib/avr51\libc.a(sprintf.o)
                0x0000164a                sprintf
 .text.avr-libc
                0x000016a6      0x3fa d:/7.0/toolchain/avr8/avr8-gnu-toolchain/bin/../lib/gcc/avr/5.4.0/../../../../avr/lib/avr51\libc.a(vfprintf_std.o)
                0x000016a6                vfprintf
 .text.avr-libc
                0x00001aa0       0x16 d:/7.0/toolchain/avr8/avr8-gnu-toolchain/bin/../lib/gcc/avr/5.4.0/../../../../avr/lib/avr51\libc.a(strnlen_P.o)
                0x00001aa0                strnlen_P
 .text.avr-libc
                0x00001ab6       0x16 d:/7.0/toolchain/avr8/avr8-gnu-toolchain/bin/../lib/gcc/avr/5.4.0/../../../../avr/lib/avr51\libc.a(strnlen.o)
                0x00001ab6                strnlen
 .text.avr-libc
                0x00001acc       0x78 d:/7.0/toolchain/avr8/avr8-gnu-toolchain/bin/../lib/gcc/avr/5.4.0/../../../../avr/lib/avr51\libc.a(fputc.o)
                0x00001acc                fputc
 .text.avr-libc
                0x00001b44       0xbc d:/7.0/toolchain/avr8/avr8-gnu-toolchain/bin/../lib/gcc/avr/5.4.0/../../../../avr/lib/avr51\libc.a(ultoa_invert.o)
                0x00001b44                __ultoa_invert
                0x00001c00                . = ALIGN (0x2)
 *(.fini9)
 .fini9         0x00001c00        0x0 d:/7.0/toolchain/avr8/avr8-gnu-toolchain/bin/../lib/gcc/avr/5.4.0/avr51\libgcc.a(_exit.o)
                0x00001c00                _exit
                0x00001c00                exit
 *(.fini9)
 *(.fini8)
 *(.fini8)
 *(.fini7)
 *(.fini7)
 *(.fini6)
 *(.fini6)
 *(.fini5)
 *(.fini5)
 *(.fini4)
 *(.fini4)
 *(.fini3)
 *(.fini3)
 *(.fini2)
 *(.fini2)
 *(.fini1)
 *(.fini1)
 *(.fini0)
 .fini0         0x00001c00        0x4 d:/7.0/toolchain/avr8/avr8-gnu-toolchain/bin/../lib/gcc/avr/5.4.0/avr51\libgcc.a(_exit.o)
 *(.fini0)
                0x00001c04                _etext = .

.data           0x00800100       0x7e load address 0x00001c04
                0x00800100                PROVIDE (__data_start, .)
 *(.data)
 *(.data*)
 .data.OUT      0x00800100        0xe ap/FAN6/FAN6.o
                0x00800100                OUT
 *(.gnu.linkonce.d*)
 *(.rodata)
 .rodata        0x0080010e        0xb driver/FND/FND.o
 *(.rodata*)
 .rodata.str1.1
                0x00800119       0x65 ap/FAN6/FAN6.o
                                 0x6a (size before relaxing)
 *(.gnu.linkonce.r*)
                0x0080017e                . = ALIGN (0x2)
                0x0080017e                _edata = .
                0x0080017e                PROVIDE (__data_end, .)

.bss            0x0080017e       0xb5
                0x0080017e                PROVIDE (__bss_start, .)
 *(.bss)
 *(.bss*)
 .bss.before_fanPowerState.2364
                0x0080017e        0x1 ap/FAN6/FAN6.o
 .bss.before_fanModeState.2363
                0x0080017f        0x1 ap/FAN6/FAN6.o
 .bss.distance_backup_state
                0x00800180        0x1 ap/FAN6/FAN6.o
                0x00800180                distance_backup_state
 .bss.fndDigitState.1748
                0x00800181        0x1 driver/FND/FND.o
 .bss.fndcolonFlag
                0x00800182        0x1 driver/FND/FND.o
                0x00800182                fndcolonFlag
 .bss.fndData   0x00800183        0x2 driver/FND/FND.o
                0x00800183                fndData
 .bss.uart0RxTail.1641
                0x00800185        0x1 periph/UART0/UART0.o
 *(COMMON)
 COMMON         0x00800186       0x40 ap/FAN6/FAN6.o
                0x00800186                ultraSonicDistanceFlag
                0x00800187                colon_time
                0x00800189                fanPowerState
                0x0080018a                buff
                0x008001a8                distance
                0x008001aa                Fan_milisec
                0x008001ac                milisec
                0x008001ae                timeState
                0x008001af                btnChange
                0x008001b5                fanModeState
                0x008001b6                timeleftState
                0x008001b7                min
                0x008001b8                sec
                0x008001b9                btnTime
                0x008001bf                Fan_sec
                0x008001c0                btnMode
 COMMON         0x008001c6        0x2 driver/LCD/LCD.o
                0x008001c6                I2C_lcdControlData
                0x008001c7                lcdControlData
 COMMON         0x008001c8       0x65 periph/UART0/UART0.o
                0x008001c8                uart0RxComplFlag
                0x008001c9                uart0RxBuff
 COMMON         0x0080022d        0x6 d:/7.0/toolchain/avr8/avr8-gnu-toolchain/bin/../lib/gcc/avr/5.4.0/../../../../avr/lib/avr51\libc.a(iob.o)
                0x0080022d                __iob
                0x00800233                PROVIDE (__bss_end, .)
                0x00001c04                __data_load_start = LOADADDR (.data)
                0x00001c82                __data_load_end = (__data_load_start + SIZEOF (.data))

.noinit         0x00800233        0x0
                [!provide]                PROVIDE (__noinit_start, .)
 *(.noinit*)
                [!provide]                PROVIDE (__noinit_end, .)
                0x00800233                _end = .
                [!provide]                PROVIDE (__heap_start, .)

.eeprom         0x00810000        0x0
 *(.eeprom*)
                0x00810000                __eeprom_end = .

.fuse
 *(.fuse)
 *(.lfuse)
 *(.hfuse)
 *(.efuse)

.lock
 *(.lock*)

.signature
 *(.signature*)

.user_signatures
 *(.user_signatures*)

.stab
 *(.stab)

.stabstr
 *(.stabstr)

.stab.excl
 *(.stab.excl)

.stab.exclstr
 *(.stab.exclstr)

.stab.index
 *(.stab.index)

.stab.indexstr
 *(.stab.indexstr)

.comment        0x00000000       0x5c
 *(.comment)
 .comment       0x00000000       0x30 ap/FAN6/FAN6.o
                                 0x31 (size before relaxing)
 .comment       0x00000030       0x31 driver/Button/Button.o
 .comment       0x00000030       0x31 driver/Buzzer/Buzzer.o
 .comment       0x00000030       0x31 driver/Motor/Motor.o
 .comment       0x00000030       0x31 driver/FND/FND.o
 .comment       0x00000030       0x31 driver/LCD/LCD.o
 .comment       0x00000030       0x31 driver/Ultrasonic/Ultrasonic.o
 .comment       0x00000030       0x31 main.o
 .comment       0x00000030       0x31 periph/Gpio/Gpio.o
 .comment       0x00000030       0x31 periph/I2C/I2C.o
 .comment       0x00000030       0x31 periph/Timer/Timer.o
 .comment       0x00000030       0x31 periph/UART0/UART0.o
 .comment       0x00000030       0x31 d:/7.0/toolchain/avr8/avr8-gnu-toolchain/bin/../lib/gcc/avr/5.4.0/../../../../avr/lib/avr51\libc.a(iob.o)
 .comment       0x00000030       0x31 d:/7.0/toolchain/avr8/avr8-gnu-toolchain/bin/../lib/gcc/avr/5.4.0/../../../../avr/lib/avr51\libc.a(puts.o)
 .comment       0x00000030       0x31 d:/7.0/toolchain/avr8/avr8-gnu-toolchain/bin/../lib/gcc/avr/5.4.0/../../../../avr/lib/avr51\libc.a(sprintf.o)
 .comment       0x00000030       0x2c d:/7.0/toolchain/avr8/avr8-gnu-toolchain/bin/../lib/gcc/avr/5.4.0/../../../../avr/lib/avr51\libc.a(vfprintf_std.o)
                                 0x2d (size before relaxing)
 .comment       0x0000005c       0x31 d:/7.0/toolchain/avr8/avr8-gnu-toolchain/bin/../lib/gcc/avr/5.4.0/../../../../avr/lib/avr51\libc.a(fputc.o)

.note.gnu.avr.deviceinfo
                0x00000000       0x40
 .note.gnu.avr.deviceinfo
                0x00000000       0x40 D:/7.0/Packs/atmel/ATmega_DFP/1.7.374/gcc/dev/atmega128a/avr51/crtatmega128a.o

.note.gnu.build-id
 *(.note.gnu.build-id)

.debug
 *(.debug)

.line
 *(.line)

.debug_srcinfo
 *(.debug_srcinfo)

.debug_sfnames
 *(.debug_sfnames)

.debug_aranges  0x00000000      0x4d0
 *(.debug_aranges)
 .debug_aranges
                0x00000000       0xd8 ap/FAN6/FAN6.o
 .debug_aranges
                0x000000d8       0x28 driver/Button/Button.o
 .debug_aranges
                0x00000100       0x60 driver/Buzzer/Buzzer.o
 .debug_aranges
                0x00000160       0x40 driver/Motor/Motor.o
 .debug_aranges
                0x000001a0       0x48 driver/FND/FND.o
 .debug_aranges
                0x000001e8      0x120 driver/LCD/LCD.o
 .debug_aranges
                0x00000308       0x68 driver/Ultrasonic/Ultrasonic.o
 .debug_aranges
                0x00000370       0x40 main.o
 .debug_aranges
                0x000003b0       0x48 periph/Gpio/Gpio.o
 .debug_aranges
                0x000003f8       0x48 periph/I2C/I2C.o
 .debug_aranges
                0x00000440       0x28 periph/Timer/Timer.o
 .debug_aranges
                0x00000468       0x68 periph/UART0/UART0.o

.debug_pubnames
 *(.debug_pubnames)

.debug_info     0x00000000     0x3970
 *(.debug_info .gnu.linkonce.wi.*)
 .debug_info    0x00000000      0x780 D:/7.0/Packs/atmel/ATmega_DFP/1.7.374/gcc/dev/atmega128a/avr51/crtatmega128a.o
 .debug_info    0x00000780      0xf9c ap/FAN6/FAN6.o
 .debug_info    0x0000171c      0x2b5 driver/Button/Button.o
 .debug_info    0x000019d1      0x595 driver/Buzzer/Buzzer.o
 .debug_info    0x00001f66      0x11a driver/Motor/Motor.o
 .debug_info    0x00002080      0x18b driver/FND/FND.o
 .debug_info    0x0000220b      0xca9 driver/LCD/LCD.o
 .debug_info    0x00002eb4      0x260 driver/Ultrasonic/Ultrasonic.o
 .debug_info    0x00003114      0x23d main.o
 .debug_info    0x00003351      0x210 periph/Gpio/Gpio.o
 .debug_info    0x00003561      0x16f periph/I2C/I2C.o
 .debug_info    0x000036d0       0x97 periph/Timer/Timer.o
 .debug_info    0x00003767      0x209 periph/UART0/UART0.o

.debug_abbrev   0x00000000     0x1525
 *(.debug_abbrev)
 .debug_abbrev  0x00000000      0x718 D:/7.0/Packs/atmel/ATmega_DFP/1.7.374/gcc/dev/atmega128a/avr51/crtatmega128a.o
 .debug_abbrev  0x00000718      0x27c ap/FAN6/FAN6.o
 .debug_abbrev  0x00000994      0x18d driver/Button/Button.o
 .debug_abbrev  0x00000b21      0x14a driver/Buzzer/Buzzer.o
 .debug_abbrev  0x00000c6b       0x92 driver/Motor/Motor.o
 .debug_abbrev  0x00000cfd       0xf6 driver/FND/FND.o
 .debug_abbrev  0x00000df3      0x1a9 driver/LCD/LCD.o
 .debug_abbrev  0x00000f9c      0x173 driver/Ultrasonic/Ultrasonic.o
 .debug_abbrev  0x0000110f       0xdd main.o
 .debug_abbrev  0x000011ec       0xed periph/Gpio/Gpio.o
 .debug_abbrev  0x000012d9       0xb4 periph/I2C/I2C.o
 .debug_abbrev  0x0000138d       0x4f periph/Timer/Timer.o
 .debug_abbrev  0x000013dc      0x149 periph/UART0/UART0.o

.debug_line     0x00000000     0x2092
 *(.debug_line .debug_line.* .debug_line_end)
 .debug_line    0x00000000      0x16a D:/7.0/Packs/atmel/ATmega_DFP/1.7.374/gcc/dev/atmega128a/avr51/crtatmega128a.o
 .debug_line    0x0000016a      0x8c9 ap/FAN6/FAN6.o
 .debug_line    0x00000a33      0x198 driver/Button/Button.o
 .debug_line    0x00000bcb      0x2e6 driver/Buzzer/Buzzer.o
 .debug_line    0x00000eb1      0x136 driver/Motor/Motor.o
 .debug_line    0x00000fe7      0x179 driver/FND/FND.o
 .debug_line    0x00001160      0x61c driver/LCD/LCD.o
 .debug_line    0x0000177c      0x21e driver/Ultrasonic/Ultrasonic.o
 .debug_line    0x0000199a      0x1cf main.o
 .debug_line    0x00001b69      0x130 periph/Gpio/Gpio.o
 .debug_line    0x00001c99      0x154 periph/I2C/I2C.o
 .debug_line    0x00001ded       0xbe periph/Timer/Timer.o
 .debug_line    0x00001eab      0x1e7 periph/UART0/UART0.o

.debug_frame    0x00000000      0xa90
 *(.debug_frame)
 .debug_frame   0x00000000      0x1dc ap/FAN6/FAN6.o
 .debug_frame   0x000001dc       0x40 driver/Button/Button.o
 .debug_frame   0x0000021c       0xbc driver/Buzzer/Buzzer.o
 .debug_frame   0x000002d8       0x6c driver/Motor/Motor.o
 .debug_frame   0x00000344       0x90 driver/FND/FND.o
 .debug_frame   0x000003d4      0x294 driver/LCD/LCD.o
 .debug_frame   0x00000668       0xb4 driver/Ultrasonic/Ultrasonic.o
 .debug_frame   0x0000071c      0x184 main.o
 .debug_frame   0x000008a0       0x74 periph/Gpio/Gpio.o
 .debug_frame   0x00000914       0x80 periph/I2C/I2C.o
 .debug_frame   0x00000994       0x34 periph/Timer/Timer.o
 .debug_frame   0x000009c8       0xc8 periph/UART0/UART0.o

.debug_str      0x00000000      0xe15
 *(.debug_str)
 .debug_str     0x00000000      0x27d D:/7.0/Packs/atmel/ATmega_DFP/1.7.374/gcc/dev/atmega128a/avr51/crtatmega128a.o
 .debug_str     0x0000027d      0x623 ap/FAN6/FAN6.o
                                0x6a4 (size before relaxing)
 .debug_str     0x000008a0       0x95 driver/Button/Button.o
                                0x24d (size before relaxing)
 .debug_str     0x00000935       0x4e driver/Buzzer/Buzzer.o
                                0x25f (size before relaxing)
 .debug_str     0x00000983       0x2c driver/Motor/Motor.o
                                0x1b2 (size before relaxing)
 .debug_str     0x000009af       0x62 driver/FND/FND.o
                                0x1f3 (size before relaxing)
 .debug_str     0x00000a11      0x192 driver/LCD/LCD.o
                                0x433 (size before relaxing)
 .debug_str     0x00000ba3       0xc5 driver/Ultrasonic/Ultrasonic.o
                                0x2d2 (size before relaxing)
 .debug_str     0x00000c68       0x51 main.o
                                0x259 (size before relaxing)
 .debug_str     0x00000cb9       0x70 periph/Gpio/Gpio.o
                                0x1f2 (size before relaxing)
 .debug_str     0x00000d29       0x46 periph/I2C/I2C.o
                                0x1a8 (size before relaxing)
 .debug_str     0x00000d6f       0x18 periph/Timer/Timer.o
                                0x175 (size before relaxing)
 .debug_str     0x00000d87       0x8e periph/UART0/UART0.o
                                0x239 (size before relaxing)

.debug_loc      0x00000000     0x17b2
 *(.debug_loc)
 .debug_loc     0x00000000      0x1cc ap/FAN6/FAN6.o
 .debug_loc     0x000001cc      0x1d2 driver/Button/Button.o
 .debug_loc     0x0000039e      0x3ac driver/Buzzer/Buzzer.o
 .debug_loc     0x0000074a       0xba driver/Motor/Motor.o
 .debug_loc     0x00000804       0x97 driver/FND/FND.o
 .debug_loc     0x0000089b      0x926 driver/LCD/LCD.o
 .debug_loc     0x000011c1       0x7f driver/Ultrasonic/Ultrasonic.o
 .debug_loc     0x00001240      0x32c main.o
 .debug_loc     0x0000156c       0xc2 periph/Gpio/Gpio.o
 .debug_loc     0x0000162e       0xe1 periph/I2C/I2C.o
 .debug_loc     0x0000170f       0xa3 periph/UART0/UART0.o

.debug_macinfo
 *(.debug_macinfo)

.debug_weaknames
 *(.debug_weaknames)

.debug_funcnames
 *(.debug_funcnames)

.debug_typenames
 *(.debug_typenames)

.debug_varnames
 *(.debug_varnames)

.debug_pubtypes
 *(.debug_pubtypes)

.debug_ranges   0x00000000      0x410
 *(.debug_ranges)
 .debug_ranges  0x00000000       0xc8 ap/FAN6/FAN6.o
 .debug_ranges  0x000000c8       0x18 driver/Button/Button.o
 .debug_ranges  0x000000e0       0x50 driver/Buzzer/Buzzer.o
 .debug_ranges  0x00000130       0x30 driver/Motor/Motor.o
 .debug_ranges  0x00000160       0x38 driver/FND/FND.o
 .debug_ranges  0x00000198      0x110 driver/LCD/LCD.o
 .debug_ranges  0x000002a8       0x58 driver/Ultrasonic/Ultrasonic.o
 .debug_ranges  0x00000300       0x30 main.o
 .debug_ranges  0x00000330       0x38 periph/Gpio/Gpio.o
 .debug_ranges  0x00000368       0x38 periph/I2C/I2C.o
 .debug_ranges  0x000003a0       0x18 periph/Timer/Timer.o
 .debug_ranges  0x000003b8       0x58 periph/UART0/UART0.o

.debug_macro
 *(.debug_macro)
OUTPUT(FAN6.elf elf32-avr)
LOAD linker stubs
